{"level":"info","message":"[development] Serveur unifié à l'écoute sur le port : 8080","timestamp":"2026-06-13 19:45:19"}
{"level":"info","message":"Swagger UI disponible sur http://localhost:8080/api-docs","timestamp":"2026-06-13 19:45:19"}
{"level":"info","message":"[development] Serveur unifié à l'écoute sur le port : 8080","timestamp":"2026-06-14 18:51:26"}
{"level":"info","message":"Swagger UI disponible sur http://localhost:8080/api-docs","timestamp":"2026-06-14 18:51:26"}
{"level":"info","message":"[development] Serveur unifié à l'écoute sur le port : 8080","timestamp":"2026-06-18 04:11:51"}
{"level":"info","message":"Swagger UI disponible sur http://localhost:8080/api-docs","timestamp":"2026-06-18 04:11:51"}
{"level":"info","message":"[development] Serveur unifié à l'écoute sur le port : 8080","timestamp":"2026-06-18 04:21:08"}
{"level":"info","message":"Swagger UI disponible sur http://localhost:8080/api-docs","timestamp":"2026-06-18 04:21:08"}
{"level":"info","message":"[development] Serveur unifié à l'écoute sur le port : 8080","timestamp":"2026-06-18 04:21:17"}
{"level":"info","message":"Swagger UI disponible sur http://localhost:8080/api-docs","timestamp":"2026-06-18 04:21:17"}
{"level":"info","message":"[development] Serveur unifié à l'écoute sur le port : 8080","timestamp":"2026-06-18 04:52:46"}
{"level":"info","message":"Swagger UI disponible sur http://localhost:8080/api-docs","timestamp":"2026-06-18 04:52:46"}
{"level":"info","message":"[development] Serveur unifié à l'écoute sur le port : 8080","timestamp":"2026-06-18 05:11:47"}
{"level":"info","message":"Swagger UI disponible sur http://localhost:8080/api-docs","timestamp":"2026-06-18 05:11:47"}
{"level":"info","message":"[development] Serveur unifié à l'écoute sur le port : 8080","timestamp":"2026-06-18 05:14:10"}
{"level":"info","message":"Swagger UI disponible sur http://localhost:8080/api-docs","timestamp":"2026-06-18 05:14:10"}
{"level":"info","message":"[development] Serveur unifié à l'écoute sur le port : 8080","timestamp":"2026-06-18 05:16:28"}
{"level":"info","message":"Swagger UI disponible sur http://localhost:8080/api-docs","timestamp":"2026-06-18 05:16:28"}
{"level":"info","message":"[development] Serveur unifié à l'écoute sur le port : 8080","timestamp":"2026-06-18 05:55:02"}
{"level":"info","message":"Swagger UI disponible sur http://localhost:8080/api-docs","timestamp":"2026-06-18 05:55:02"}
{"level":"error","message":"Unexpected token '\"', \"\"{\\n \\\"pho\"... is not valid JSON","timestamp":"2026-06-18 05:55:31"}
{"level":"error","message":"Unexpected token 'n', \"null\" is not valid JSON","timestamp":"2026-06-18 05:56:00"}
{"level":"error","message":"Unexpected token '\"', \"\"phoneNumb\"... is not valid JSON","timestamp":"2026-06-18 05:56:27"}
{"level":"error","message":"Unexpected token '\"', \"\"phoneNumb\"... is not valid JSON","timestamp":"2026-06-18 05:56:40"}
{"level":"info","message":"[development] Serveur unifié à l'écoute sur le port : 8080","timestamp":"2026-06-18 06:03:31"}
{"level":"info","message":"Swagger UI disponible sur http://localhost:8080/api-docs","timestamp":"2026-06-18 06:03:31"}
{"level":"info","message":"[development] Serveur unifié à l'écoute sur le port : 8080","timestamp":"2026-06-18 06:03:47"}
{"level":"info","message":"Swagger UI disponible sur http://localhost:8080/api-docs","timestamp":"2026-06-18 06:03:47"}
{"level":"info","message":"[development] Serveur unifié à l'écoute sur le port : 8080","timestamp":"2026-06-18 06:08:02"}
{"level":"info","message":"Swagger UI disponible sur http://localhost:8080/api-docs","timestamp":"2026-06-18 06:08:02"}
{"level":"error","message":"Unexpected token '\"', \"\"phoneNumb\"... is not valid JSON","timestamp":"2026-06-18 06:08:37"}
{"level":"error","message":"Unexpected token 'n', \"null\" is not valid JSON","timestamp":"2026-06-18 06:08:45"}
{"level":"info","message":"[development] Serveur unifié à l'écoute sur le port : 8080","timestamp":"2026-06-18 06:09:32"}
{"level":"info","message":"Swagger UI disponible sur http://localhost:8080/api-docs","timestamp":"2026-06-18 06:09:32"}
{"level":"info","message":"[development] Serveur unifié à l'écoute sur le port : 8080","timestamp":"2026-06-18 06:10:24"}
{"level":"info","message":"Swagger UI disponible sur http://localhost:8080/api-docs","timestamp":"2026-06-18 06:10:24"}
{"level":"info","message":"[development] Serveur unifié à l'écoute sur le port : 8080","timestamp":"2026-06-18 06:10:44"}
{"level":"info","message":"Swagger UI disponible sur http://localhost:8080/api-docs","timestamp":"2026-06-18 06:10:44"}
{"level":"info","message":"[development] Serveur unifié à l'écoute sur le port : 8080","timestamp":"2026-06-18 06:11:05"}
{"level":"info","message":"Swagger UI disponible sur http://localhost:8080/api-docs","timestamp":"2026-06-18 06:11:05"}
{"level":"info","message":"[development] Serveur unifié à l'écoute sur le port : 8080","timestamp":"2026-06-18 06:12:06"}
{"level":"info","message":"Swagger UI disponible sur http://localhost:8080/api-docs","timestamp":"2026-06-18 06:12:06"}
{"level":"info","message":"[development] Serveur unifié à l'écoute sur le port : 8080","timestamp":"2026-06-18 06:12:45"}
{"level":"info","message":"Swagger UI disponible sur http://localhost:8080/api-docs","timestamp":"2026-06-18 06:12:45"}
{"level":"info","message":"[development] Serveur unifié à l'écoute sur le port : 8080","timestamp":"2026-06-18 06:13:34"}
{"level":"info","message":"Swagger UI disponible sur http://localhost:8080/api-docs","timestamp":"2026-06-18 06:13:34"}
{"level":"info","message":"[development] Serveur unifié à l'écoute sur le port : 8080","timestamp":"2026-06-18 06:22:21"}
{"level":"info","message":"Swagger UI disponible sur http://localhost:8080/api-docs","timestamp":"2026-06-18 06:22:21"}
{"level":"info","message":"[development] Serveur unifié à l'écoute sur le port : 8080","timestamp":"2026-06-18 06:22:24"}
{"level":"info","message":"Swagger UI disponible sur http://localhost:8080/api-docs","timestamp":"2026-06-18 06:22:24"}
{"level":"info","message":"[development] Serveur unifié à l'écoute sur le port : 8080","timestamp":"2026-06-18 06:22:47"}
{"level":"info","message":"Swagger UI disponible sur http://localhost:8080/api-docs","timestamp":"2026-06-18 06:22:47"}
{"level":"info","message":"[development] Serveur unifié à l'écoute sur le port : 8080","timestamp":"2026-06-18 06:23:18"}
{"level":"info","message":"Swagger UI disponible sur http://localhost:8080/api-docs","timestamp":"2026-06-18 06:23:18"}
{"level":"info","message":"[development] Serveur unifié à l'écoute sur le port : 8080","timestamp":"2026-06-18 06:23:45"}
{"level":"info","message":"Swagger UI disponible sur http://localhost:8080/api-docs","timestamp":"2026-06-18 06:23:45"}
{"level":"info","message":"[development] Serveur unifié à l'écoute sur le port : 8080","timestamp":"2026-06-18 06:24:02"}
{"level":"info","message":"Swagger UI disponible sur http://localhost:8080/api-docs","timestamp":"2026-06-18 06:24:02"}
{"level":"info","message":"[development] Serveur unifié à l'écoute sur le port : 8080","timestamp":"2026-06-18 06:27:25"}
{"level":"info","message":"Swagger UI disponible sur http://localhost:8080/api-docs","timestamp":"2026-06-18 06:27:25"}
{"level":"info","message":"[development] Serveur unifié à l'écoute sur le port : 8080","timestamp":"2026-06-18 06:28:48"}
{"level":"info","message":"Swagger UI disponible sur http://localhost:8080/api-docs","timestamp":"2026-06-18 06:28:48"}
{"level":"info","message":"[development] Serveur unifié à l'écoute sur le port : 8080","timestamp":"2026-06-18 06:31:27"}
{"level":"info","message":"Swagger UI disponible sur http://localhost:8080/api-docs","timestamp":"2026-06-18 06:31:27"}
{"level":"info","message":"[development] Serveur unifié à l'écoute sur le port : 8080","timestamp":"2026-06-18 06:31:48"}
{"level":"info","message":"Swagger UI disponible sur http://localhost:8080/api-docs","timestamp":"2026-06-18 06:31:48"}
{"level":"info","message":"[development] Serveur unifié à l'écoute sur le port : 8080","timestamp":"2026-06-18 06:32:50"}
{"level":"info","message":"Swagger UI disponible sur http://localhost:8080/api-docs","timestamp":"2026-06-18 06:32:50"}
{"level":"info","message":"[development] Serveur unifié à l'écoute sur le port : 8080","timestamp":"2026-06-18 06:33:17"}
{"level":"info","message":"Swagger UI disponible sur http://localhost:8080/api-docs","timestamp":"2026-06-18 06:33:17"}
{"level":"info","message":"[development] Serveur unifié à l'écoute sur le port : 8080","timestamp":"2026-06-18 06:33:53"}
{"level":"info","message":"Swagger UI disponible sur http://localhost:8080/api-docs","timestamp":"2026-06-18 06:33:53"}
{"level":"info","message":"[development] Serveur unifié à l'écoute sur le port : 8080","timestamp":"2026-06-18 06:34:09"}
{"level":"info","message":"Swagger UI disponible sur http://localhost:8080/api-docs","timestamp":"2026-06-18 06:34:09"}
{"level":"info","message":"[development] Serveur unifié à l'écoute sur le port : 8080","timestamp":"2026-06-18 06:34:36"}
{"level":"info","message":"Swagger UI disponible sur http://localhost:8080/api-docs","timestamp":"2026-06-18 06:34:36"}
{"level":"info","message":"[development] Serveur unifié à l'écoute sur le port : 8080","timestamp":"2026-06-18 06:35:09"}
{"level":"info","message":"Swagger UI disponible sur http://localhost:8080/api-docs","timestamp":"2026-06-18 06:35:09"}
{"level":"info","message":"[development] Serveur unifié à l'écoute sur le port : 8080","timestamp":"2026-06-18 06:35:19"}
{"level":"info","message":"Swagger UI disponible sur http://localhost:8080/api-docs","timestamp":"2026-06-18 06:35:19"}
{"level":"info","message":"[development] Serveur unifié à l'écoute sur le port : 8080","timestamp":"2026-06-18 06:38:02"}
{"level":"info","message":"Swagger UI disponible sur http://localhost:8080/api-docs","timestamp":"2026-06-18 06:38:02"}
{"level":"info","message":"[development] Serveur unifié à l'écoute sur le port : 8080","timestamp":"2026-06-18 06:38:26"}
{"level":"info","message":"Swagger UI disponible sur http://localhost:8080/api-docs","timestamp":"2026-06-18 06:38:26"}
{"level":"info","message":"[development] Serveur unifié à l'écoute sur le port : 8080","timestamp":"2026-06-18 06:40:51"}
{"level":"info","message":"Swagger UI disponible sur http://localhost:8080/api-docs","timestamp":"2026-06-18 06:40:51"}
{"level":"info","message":"[development] Serveur unifié à l'écoute sur le port : 8080","timestamp":"2026-06-18 06:41:15"}
{"level":"info","message":"Swagger UI disponible sur http://localhost:8080/api-docs","timestamp":"2026-06-18 06:41:15"}
{"level":"info","message":"[development] Serveur unifié à l'écoute sur le port : 8080","timestamp":"2026-06-18 06:42:01"}
{"level":"info","message":"Swagger UI disponible sur http://localhost:8080/api-docs","timestamp":"2026-06-18 06:42:01"}
{"level":"info","message":"[development] Serveur unifié à l'écoute sur le port : 8080","timestamp":"2026-06-18 06:48:34"}
{"level":"info","message":"Swagger UI disponible sur http://localhost:8080/api-docs","timestamp":"2026-06-18 06:48:34"}
{"level":"info","message":"[development] Serveur unifié à l'écoute sur le port : 8080","timestamp":"2026-06-18 06:48:51"}
{"level":"info","message":"Swagger UI disponible sur http://localhost:8080/api-docs","timestamp":"2026-06-18 06:48:51"}
{"level":"info","message":"[development] Serveur unifié à l'écoute sur le port : 8080","timestamp":"2026-06-18 06:49:07"}
{"level":"info","message":"Swagger UI disponible sur http://localhost:8080/api-docs","timestamp":"2026-06-18 06:49:07"}
{"level":"info","message":"[development] Serveur unifié à l'écoute sur le port : 8080","timestamp":"2026-06-19 03:33:25"}
{"level":"info","message":"Swagger UI disponible sur http://localhost:8080/api-docs","timestamp":"2026-06-19 03:33:25"}
{"level":"info","message":"[development] Serveur unifié à l'écoute sur le port : 8080","timestamp":"2026-06-19 03:47:58"}
{"level":"info","message":"Swagger UI disponible sur http://localhost:8080/api-docs","timestamp":"2026-06-19 03:47:58"}
{"level":"info","message":"[development] Serveur unifié à l'écoute sur le port : 8080","timestamp":"2026-06-19 03:48:22"}
{"level":"info","message":"Swagger UI disponible sur http://localhost:8080/api-docs","timestamp":"2026-06-19 03:48:22"}
{"level":"info","message":"[development] Serveur unifié à l'écoute sur le port : 8080","timestamp":"2026-06-19 03:50:11"}
{"level":"info","message":"Swagger UI disponible sur http://localhost:8080/api-docs","timestamp":"2026-06-19 03:50:11"}
{"level":"info","message":"[development] Serveur unifié à l'écoute sur le port : 8080","timestamp":"2026-06-19 03:50:27"}
{"level":"info","message":"Swagger UI disponible sur http://localhost:8080/api-docs","timestamp":"2026-06-19 03:50:27"}
{"level":"info","message":"[development] Serveur unifié à l'écoute sur le port : 8080","timestamp":"2026-06-19 04:02:26"}
{"level":"info","message":"Swagger UI disponible sur http://localhost:8080/api-docs","timestamp":"2026-06-19 04:02:26"}
{"level":"info","message":"[development] Serveur unifié à l'écoute sur le port : 8080","timestamp":"2026-06-19 04:04:42"}
{"level":"info","message":"Swagger UI disponible sur http://localhost:8080/api-docs","timestamp":"2026-06-19 04:04:43"}
{"level":"info","message":"[development] Serveur unifié à l'écoute sur le port : 8080","timestamp":"2026-06-19 04:04:56"}
{"level":"info","message":"Swagger UI disponible sur http://localhost:8080/api-docs","timestamp":"2026-06-19 04:04:56"}
{"level":"info","message":"[development] Serveur unifié à l'écoute sur le port : 8080","timestamp":"2026-06-19 04:05:48"}
{"level":"info","message":"Swagger UI disponible sur http://localhost:8080/api-docs","timestamp":"2026-06-19 04:05:48"}
{"level":"info","message":"[development] Serveur unifié à l'écoute sur le port : 8080","timestamp":"2026-06-19 04:08:45"}
{"level":"info","message":"Swagger UI disponible sur http://localhost:8080/api-docs","timestamp":"2026-06-19 04:08:45"}
{"level":"info","message":"[development] Serveur unifié à l'écoute sur le port : 8080","timestamp":"2026-06-19 04:09:15"}
{"level":"info","message":"Swagger UI disponible sur http://localhost:8080/api-docs","timestamp":"2026-06-19 04:09:15"}
{"level":"info","message":"[development] Serveur unifié à l'écoute sur le port : 8080","timestamp":"2026-06-19 04:12:53"}
{"level":"info","message":"Swagger UI disponible sur http://localhost:8080/api-docs","timestamp":"2026-06-19 04:12:53"}
{"level":"info","message":"[development] Serveur unifié à l'écoute sur le port : 8080","timestamp":"2026-06-19 04:22:19"}
{"level":"info","message":"Swagger UI disponible sur http://localhost:8080/api-docs","timestamp":"2026-06-19 04:22:19"}
{"level":"info","message":"[development] Serveur unifié à l'écoute sur le port : 8080","timestamp":"2026-06-19 04:25:48"}
{"level":"info","message":"Swagger UI disponible sur http://localhost:8080/api-docs","timestamp":"2026-06-19 04:25:48"}
{"level":"info","message":"[development] Serveur unifié à l'écoute sur le port : 8080","timestamp":"2026-06-19 04:26:43"}
{"level":"info","message":"Swagger UI disponible sur http://localhost:8080/api-docs","timestamp":"2026-06-19 04:26:43"}
{"level":"info","message":"[development] Serveur unifié à l'écoute sur le port : 8080","timestamp":"2026-06-19 04:26:55"}
{"level":"info","message":"Swagger UI disponible sur http://localhost:8080/api-docs","timestamp":"2026-06-19 04:26:55"}
{"level":"info","message":"[development] Serveur unifié à l'écoute sur le port : 8080","timestamp":"2026-06-19 04:27:18"}
{"level":"info","message":"Swagger UI disponible sur http://localhost:8080/api-docs","timestamp":"2026-06-19 04:27:18"}
{"level":"info","message":"[development] Serveur unifié à l'écoute sur le port : 8080","timestamp":"2026-06-19 04:28:13"}
{"level":"info","message":"Swagger UI disponible sur http://localhost:8080/api-docs","timestamp":"2026-06-19 04:28:13"}
{"level":"info","message":"[development] Serveur unifié à l'écoute sur le port : 8080","timestamp":"2026-06-19 04:28:34"}
{"level":"info","message":"Swagger UI disponible sur http://localhost:8080/api-docs","timestamp":"2026-06-19 04:28:34"}
{"level":"info","message":"[development] Serveur unifié à l'écoute sur le port : 8080","timestamp":"2026-06-19 04:33:31"}
{"level":"info","message":"Swagger UI disponible sur http://localhost:8080/api-docs","timestamp":"2026-06-19 04:33:31"}
{"level":"info","message":"[development] Serveur unifié à l'écoute sur le port : 8080","timestamp":"2026-06-19 05:13:22"}
{"level":"info","message":"Swagger UI disponible sur http://localhost:8080/api-docs","timestamp":"2026-06-19 05:13:22"}
{"level":"info","message":"[development] Serveur unifié à l'écoute sur le port : 8080","timestamp":"2026-06-19 05:14:27"}
{"level":"info","message":"Swagger UI disponible sur http://localhost:8080/api-docs","timestamp":"2026-06-19 05:14:27"}
{"level":"info","message":"[development] Serveur unifié à l'écoute sur le port : 8080","timestamp":"2026-06-19 05:15:57"}
{"level":"info","message":"Swagger UI disponible sur http://localhost:8080/api-docs","timestamp":"2026-06-19 05:15:57"}
{"level":"info","message":"[development] Serveur unifié à l'écoute sur le port : 8080","timestamp":"2026-06-19 05:16:25"}
{"level":"info","message":"Swagger UI disponible sur http://localhost:8080/api-docs","timestamp":"2026-06-19 05:16:25"}
{"level":"info","message":"[development] Serveur unifié à l'écoute sur le port : 8080","timestamp":"2026-06-19 05:18:48"}
{"level":"info","message":"Swagger UI disponible sur http://localhost:8080/api-docs","timestamp":"2026-06-19 05:18:48"}
{"level":"info","message":"[development] Serveur unifié à l'écoute sur le port : 8080","timestamp":"2026-06-19 05:52:27"}
{"level":"info","message":"Swagger UI disponible sur http://localhost:8080/api-docs","timestamp":"2026-06-19 05:52:27"}
{"level":"info","message":"[development] Serveur unifié à l'écoute sur le port : 8080","timestamp":"2026-06-19 05:52:53"}
{"level":"info","message":"Swagger UI disponible sur http://localhost:8080/api-docs","timestamp":"2026-06-19 05:52:53"}
{"level":"info","message":"[development] Serveur unifié à l'écoute sur le port : 8080","timestamp":"2026-06-19 05:54:55"}
{"level":"info","message":"Swagger UI disponible sur http://localhost:8080/api-docs","timestamp":"2026-06-19 05:54:55"}
{"level":"info","message":"[development] Serveur unifié à l'écoute sur le port : 8080","timestamp":"2026-06-19 05:56:05"}
{"level":"info","message":"Swagger UI disponible sur http://localhost:8080/api-docs","timestamp":"2026-06-19 05:56:05"}
{"level":"info","message":"[development] Serveur unifié à l'écoute sur le port : 8080","timestamp":"2026-06-19 05:56:57"}
{"level":"info","message":"Swagger UI disponible sur http://localhost:8080/api-docs","timestamp":"2026-06-19 05:56:57"}
{"level":"info","message":"[development] Serveur unifié à l'écoute sur le port : 8080","timestamp":"2026-06-19 05:57:30"}
{"level":"info","message":"Swagger UI disponible sur http://localhost:8080/api-docs","timestamp":"2026-06-19 05:57:30"}
{"level":"info","message":"[development] Serveur unifié à l'écoute sur le port : 8080","timestamp":"2026-06-19 05:58:34"}
{"level":"info","message":"Swagger UI disponible sur http://localhost:8080/api-docs","timestamp":"2026-06-19 05:58:34"}
{"level":"info","message":"[development] Serveur unifié à l'écoute sur le port : 8080","timestamp":"2026-06-19 05:58:56"}
{"level":"info","message":"Swagger UI disponible sur http://localhost:8080/api-docs","timestamp":"2026-06-19 05:58:56"}
{"level":"info","message":"[development] Serveur unifié à l'écoute sur le port : 8080","timestamp":"2026-06-19 05:59:15"}
{"level":"info","message":"Swagger UI disponible sur http://localhost:8080/api-docs","timestamp":"2026-06-19 05:59:15"}
{"level":"info","message":"[development] Serveur unifié à l'écoute sur le port : 8080","timestamp":"2026-06-19 06:05:04"}
{"level":"info","message":"Swagger UI disponible sur http://localhost:8080/api-docs","timestamp":"2026-06-19 06:05:04"}
{"level":"info","message":"[development] Serveur unifié à l'écoute sur le port : 8080","timestamp":"2026-06-19 06:05:34"}
{"level":"info","message":"Swagger UI disponible sur http://localhost:8080/api-docs","timestamp":"2026-06-19 06:05:35"}
{"level":"info","message":"[development] Serveur unifié à l'écoute sur le port : 8080","timestamp":"2026-06-19 06:05:54"}
{"level":"info","message":"Swagger UI disponible sur http://localhost:8080/api-docs","timestamp":"2026-06-19 06:05:54"}
{"level":"info","message":"[development] Serveur unifié à l'écoute sur le port : 8080","timestamp":"2026-06-19 06:06:19"}
{"level":"info","message":"Swagger UI disponible sur http://localhost:8080/api-docs","timestamp":"2026-06-19 06:06:19"}
{"level":"info","message":"[development] Serveur unifié à l'écoute sur le port : 8080","timestamp":"2026-06-19 06:06:53"}
{"level":"info","message":"Swagger UI disponible sur http://localhost:8080/api-docs","timestamp":"2026-06-19 06:06:53"}
{"level":"info","message":"[development] Serveur unifié à l'écoute sur le port : 8080","timestamp":"2026-06-21 19:06:00"}
{"level":"info","message":"Swagger UI disponible sur http://localhost:8080/api-docs","timestamp":"2026-06-21 19:06:00"}
{"level":"info","message":"[development] Serveur unifié à l'écoute sur le port : 8080","timestamp":"2026-06-25 04:23:07"}
{"level":"info","message":"Swagger UI disponible sur http://localhost:8080/api-docs","timestamp":"2026-06-25 04:23:07"}
{"level":"info","message":"[development] Serveur unifié à l'écoute sur le port : 8080","timestamp":"2026-06-25 12:03:17"}
{"level":"info","message":"Swagger UI disponible sur http://localhost:8080/api-docs","timestamp":"2026-06-25 12:03:17"}
{"level":"info","message":"[development] Serveur unifié à l'écoute sur le port : 8080","timestamp":"2026-06-25 12:38:21"}
{"level":"info","message":"Swagger UI disponible sur http:// 192.168.17.151:8080/api-docs","timestamp":"2026-06-25 12:38:21"}
{"level":"info","message":"Client connecté. Socket ID: 6IH4J0HxeMyrw7SRAAAB","timestamp":"2026-06-25 12:47:28"}
{"level":"info","message":"Client connecté. Socket ID: WqtoH0-5cIfr5R0rAAAD","timestamp":"2026-06-25 12:51:14"}
{"level":"info","message":"Client connecté. Socket ID: PpNtwq3p_4A4_AcOAAAF","timestamp":"2026-06-25 13:07:03"}
{"level":"info","message":"Client connecté. Socket ID: JAJ36RuVJ4YdmIUXAAAH","timestamp":"2026-06-25 13:07:14"}
{"level":"info","message":"Client connecté. Socket ID: M1vR_q_tjPYnKp2xAAAJ","timestamp":"2026-06-25 13:07:43"}
{"level":"info","message":"Client connecté. Socket ID: ZrcD1tcQBvKz1m5yAAAL","timestamp":"2026-06-25 13:40:26"}
{"level":"info","message":"Client connecté. Socket ID: wgkod5LFKIkbfVCDAAAN","timestamp":"2026-06-25 13:42:36"}
{"level":"info","message":"Client connecté. Socket ID: UHND-4nqkxMlzu7UAAAP","timestamp":"2026-06-25 13:43:16"}
{"level":"info","message":"Client connecté. Socket ID: RVJs5X4cLW3-Sj4JAAAR","timestamp":"2026-06-25 13:45:32"}
{"level":"info","message":"Client connecté. Socket ID: bv4esuS38QRQw-CkAAAT","timestamp":"2026-06-25 13:56:58"}
{"level":"info","message":"Client connecté. Socket ID: sDkyqOR9dn5LM9j3AAAV","timestamp":"2026-06-25 14:10:08"}
{"level":"info","message":"Client connecté. Socket ID: flpsJl3aMiyz7SgWAAAX","timestamp":"2026-06-25 14:12:38"}
{"level":"info","message":"Client connecté. Socket ID: BppVyafD8VGReKJ5AAAZ","timestamp":"2026-06-25 14:23:30"}
{"level":"info","message":"Client connecté. Socket ID: M2AYg5o5a0WYq4jgAAAb","timestamp":"2026-06-25 14:25:17"}
{"level":"info","message":"Client connecté. Socket ID: znTsDSUJJ67mJJqXAAAd","timestamp":"2026-06-25 14:25:56"}
{"level":"info","message":"Client connecté. Socket ID: -uHwIh1NNc-KWlKcAAAf","timestamp":"2026-06-25 14:47:29"}
{"level":"info","message":"Client connecté. Socket ID: bNGDkJjYFl8ytn3CAAAh","timestamp":"2026-06-25 14:59:13"}
{"level":"info","message":"[development] Serveur unifié à l'écoute sur le port : 8080","timestamp":"2026-06-26 12:20:21"}
{"level":"info","message":"Swagger UI disponible sur http:// 192.168.17.151:8080/api-docs","timestamp":"2026-06-26 12:20:21"}
{"level":"info","message":"Client connecté. Socket ID: 7BEhlihTG4Ph0XBdAAAB","timestamp":"2026-06-26 12:24:48"}
{"level":"info","message":"[development] Serveur unifié à l'écoute sur le port : 8080","timestamp":"2026-06-26 12:28:52"}
{"level":"info","message":"Swagger UI disponible sur http:// 192.168.17.151:8080/api-docs","timestamp":"2026-06-26 12:28:52"}
{"level":"info","message":"Client connecté. Socket ID: 6C-1MUrOFrJUnY3XAAAB","timestamp":"2026-06-26 12:28:55"}
{"level":"info","message":"Client connecté. Socket ID: FSBGVJJqSzy9HYBJAAAD","timestamp":"2026-06-26 12:31:27"}
{"level":"info","message":"[development] Serveur unifié à l'écoute sur le port : 8080","timestamp":"2026-06-26 12:33:56"}
{"level":"info","message":"Swagger UI disponible sur http:// 192.168.17.151:8080/api-docs","timestamp":"2026-06-26 12:33:56"}
{"level":"info","message":"Client connecté. Socket ID: kDU1XBJrTs6n4eSKAAAB","timestamp":"2026-06-26 12:33:58"}
{"level":"info","message":"Client connecté. Socket ID: S8XoF2gks2Yvcm-gAAAD","timestamp":"2026-06-26 12:34:31"}
{"level":"info","message":"[development] Serveur unifié à l'écoute sur le port : 8080","timestamp":"2026-06-26 12:36:38"}
{"level":"info","message":"Swagger UI disponible sur http:// 192.168.17.151:8080/api-docs","timestamp":"2026-06-26 12:36:38"}
{"level":"info","message":"Client connecté. Socket ID: Y2tdAyOAbQQbinQnAAAB","timestamp":"2026-06-26 12:36:38"}
{"level":"info","message":"Client connecté. Socket ID: 1Wg1QJVjOoMymwL6AAAD","timestamp":"2026-06-26 12:37:10"}
{"level":"info","message":"[development] Serveur unifié à l'écoute sur le port : 8080","timestamp":"2026-06-26 12:37:53"}
{"level":"info","message":"Swagger UI disponible sur http:// 192.168.17.151:8080/api-docs","timestamp":"2026-06-26 12:37:53"}
{"level":"info","message":"Client connecté. Socket ID: 2Q7pL4fAE8fk24goAAAB","timestamp":"2026-06-26 12:37:55"}
{"level":"info","message":"Client connecté. Socket ID: 8gwCHoPgHL9bm65gAAAD","timestamp":"2026-06-26 12:39:00"}
{"level":"info","message":"[development] Serveur unifié à l'écoute sur le port : 8080","timestamp":"2026-06-26 12:40:13"}
{"level":"info","message":"Swagger UI disponible sur http:// 192.168.17.151:8080/api-docs","timestamp":"2026-06-26 12:40:13"}
{"level":"info","message":"Client connecté. Socket ID: F7CZeLBGA9Cu1SYCAAAB","timestamp":"2026-06-26 12:40:19"}
{"level":"info","message":"[development] Serveur unifié à l'écoute sur le port : 8080","timestamp":"2026-06-26 12:40:56"}
{"level":"info","message":"Swagger UI disponible sur http:// 192.168.17.151:8080/api-docs","timestamp":"2026-06-26 12:40:56"}
{"level":"info","message":"Client connecté. Socket ID: TFOp2BGcCmdfFOPiAAAB","timestamp":"2026-06-26 12:40:56"}
{"level":"info","message":"Client connecté. Socket ID: pf8jBDIZW55S3oH9AAAD","timestamp":"2026-06-26 12:41:29"}
{"level":"info","message":"[development] Serveur unifié à l'écoute sur le port : 8080","timestamp":"2026-06-26 12:42:36"}
{"level":"info","message":"Swagger UI disponible sur http:// 192.168.17.151:8080/api-docs","timestamp":"2026-06-26 12:42:36"}
{"level":"info","message":"Client connecté. Socket ID: 0XY9mfbMnYy3jV2UAAAB","timestamp":"2026-06-26 12:42:40"}
{"level":"info","message":"[development] Serveur unifié à l'écoute sur le port : 8080","timestamp":"2026-06-26 12:44:27"}
{"level":"info","message":"Swagger UI disponible sur http:// 192.168.17.151:8080/api-docs","timestamp":"2026-06-26 12:44:27"}
{"level":"info","message":"Client connecté. Socket ID: Pu8mBlg-ZPIBGJnZAAAB","timestamp":"2026-06-26 12:44:43"}
{"level":"info","message":"[development] Serveur unifié à l'écoute sur le port : 8080","timestamp":"2026-06-26 12:48:22"}
{"level":"info","message":"Swagger UI disponible sur http:// 192.168.17.151:8080/api-docs","timestamp":"2026-06-26 12:48:22"}
{"level":"info","message":"Client connecté. Socket ID: tdOK35zR0wRArp-SAAAB","timestamp":"2026-06-26 12:48:26"}
{"level":"info","message":"[development] Serveur unifié à l'écoute sur le port : 8080","timestamp":"2026-06-26 12:49:15"}
{"level":"info","message":"Swagger UI disponible sur http:// 192.168.17.151:8080/api-docs","timestamp":"2026-06-26 12:49:15"}
{"level":"info","message":"Client connecté. Socket ID: Zin4fRCc5qXM3fOrAAAB","timestamp":"2026-06-26 12:49:17"}
{"level":"info","message":"Client connecté. Socket ID: 7SqmDlbkszzIBfp8AAAD","timestamp":"2026-06-26 12:55:30"}
{"level":"info","message":"Client connecté. Socket ID: _uV4UujE_tX-b3oSAAAF","timestamp":"2026-06-26 12:56:44"}
{"level":"info","message":"Client connecté. Socket ID: an4hv8diPMdZEjNWAAAH","timestamp":"2026-06-26 13:18:44"}
{"level":"info","message":"Client connecté. Socket ID: YUB2RFoucU9U51osAAAJ","timestamp":"2026-06-26 13:28:03"}
{"level":"info","message":"Client connecté. Socket ID: Uhe1rWlWJ1SOEbzKAAAL","timestamp":"2026-06-26 13:28:43"}
{"level":"info","message":"Client connecté. Socket ID: IAq4gnPNgGayvGwGAAAN","timestamp":"2026-06-26 13:29:16"}
{"level":"info","message":"Client connecté. Socket ID: vggLHfOuyZ34bvQPAAAP","timestamp":"2026-06-26 13:29:47"}
{"level":"info","message":"Client connecté. Socket ID: v8_BZ7ldPTli9c5zAAAR","timestamp":"2026-06-26 13:31:47"}
{"level":"info","message":"Client connecté. Socket ID: caUFmm2-Duy0HaqCAAAT","timestamp":"2026-06-26 13:37:41"}
{"level":"info","message":"Client connecté. Socket ID: GYUzqwXb941Wew8SAAAV","timestamp":"2026-06-26 13:38:12"}
{"level":"info","message":"Client connecté. Socket ID: yTRa37YMiseRoxgHAAAX","timestamp":"2026-06-26 13:39:44"}
{"level":"info","message":"Client connecté. Socket ID: y44mbxXth79bOjHsAAAZ","timestamp":"2026-06-26 14:37:24"}
{"level":"info","message":"Client connecté. Socket ID: gLO17G44ViodT3cHAAAb","timestamp":"2026-06-26 14:43:15"}
{"level":"info","message":"Client connecté. Socket ID: u08PJZl_pEAlMj44AAAd","timestamp":"2026-06-26 14:43:33"}
{"level":"info","message":"Client connecté. Socket ID: XePBWgBUeypbTlW1AAAf","timestamp":"2026-06-26 14:44:27"}
{"level":"info","message":"Client connecté. Socket ID: 2QIYiKTsOEIW6lO4AAAh","timestamp":"2026-06-26 14:59:09"}
{"level":"info","message":"Client connecté. Socket ID: pmXpiLPsUTiwQv_9AAAj","timestamp":"2026-06-26 14:59:30"}
{"level":"info","message":"[development] Serveur unifié à l'écoute sur le port : 8080","timestamp":"2026-06-26 15:13:43"}
{"level":"info","message":"Swagger UI disponible sur http:// 192.168.17.151:8080/api-docs","timestamp":"2026-06-26 15:13:43"}
{"level":"info","message":"Client connecté. Socket ID: qnYzYlgI3yMaktXWAAAB","timestamp":"2026-06-26 15:13:45"}
{"level":"info","message":"[development] Serveur unifié à l'écoute sur le port : 8080","timestamp":"2026-06-26 15:14:46"}
{"level":"info","message":"Swagger UI disponible sur http:// 192.168.17.151:8080/api-docs","timestamp":"2026-06-26 15:14:46"}
{"level":"info","message":"Client connecté. Socket ID: 0VN7ShJMPSg5ZXtdAAAB","timestamp":"2026-06-26 15:14:46"}
{"level":"info","message":"[development] Serveur unifié à l'écoute sur le port : 8080","timestamp":"2026-06-26 15:15:34"}
{"level":"info","message":"Swagger UI disponible sur http:// 192.168.17.151:8080/api-docs","timestamp":"2026-06-26 15:15:35"}
{"level":"info","message":"Client connecté. Socket ID: bFo4V1oPr0pbgC6kAAAB","timestamp":"2026-06-26 15:15:39"}
{"level":"info","message":"[development] Serveur unifié à l'écoute sur le port : 8080","timestamp":"2026-06-26 15:16:43"}
{"level":"info","message":"Swagger UI disponible sur http:// 192.168.17.151:8080/api-docs","timestamp":"2026-06-26 15:16:43"}
{"level":"info","message":"Client connecté. Socket ID: H-iibIGFFshE59zGAAAB","timestamp":"2026-06-26 15:16:47"}
{"level":"info","message":"[development] Serveur unifié à l'écoute sur le port : 8080","timestamp":"2026-06-26 15:21:24"}
{"level":"info","message":"Swagger UI disponible sur http:// 192.168.17.151:8080/api-docs","timestamp":"2026-06-26 15:21:24"}
{"level":"info","message":"[development] Serveur unifié à l'écoute sur le port : 8080","timestamp":"2026-06-26 15:21:38"}
{"level":"info","message":"Swagger UI disponible sur http:// 192.168.17.151:8080/api-docs","timestamp":"2026-06-26 15:21:38"}
{"level":"info","message":"Client connecté. Socket ID: 3cgJcUM2WXPk-NnIAAAB","timestamp":"2026-06-26 15:21:38"}
{"level":"info","message":"[development] Serveur unifié à l'écoute sur le port : 8080","timestamp":"2026-06-26 15:26:13"}
{"level":"info","message":"Swagger UI disponible sur http:// 192.168.17.151:8080/api-docs","timestamp":"2026-06-26 15:26:13"}
{"level":"info","message":"Client connecté. Socket ID: M7o69AZK-l7VygCFAAAB","timestamp":"2026-06-26 15:26:19"}
{"level":"info","message":"[development] Serveur unifié à l'écoute sur le port : 8080","timestamp":"2026-06-26 16:06:27"}
{"level":"info","message":"Swagger UI disponible sur http:// 192.168.17.151:8080/api-docs","timestamp":"2026-06-26 16:06:27"}
{"level":"info","message":"[development] Serveur unifié à l'écoute sur le port : 8080","timestamp":"2026-06-26 16:07:08"}
{"level":"info","message":"Swagger UI disponible sur http:// 192.168.17.151:8080/api-docs","timestamp":"2026-06-26 16:07:08"}
{"level":"info","message":"[development] Serveur unifié à l'écoute sur le port : 8080","timestamp":"2026-06-26 16:07:59"}
{"level":"info","message":"Swagger UI disponible sur http:// 192.168.17.151:8080/api-docs","timestamp":"2026-06-26 16:07:59"}
{"level":"info","message":"[development] Serveur unifié à l'écoute sur le port : 8080","timestamp":"2026-06-26 16:09:24"}
{"level":"info","message":"Swagger UI disponible sur http:// 192.168.17.151:8080/api-docs","timestamp":"2026-06-26 16:09:24"}
{"level":"info","message":"[development] Serveur unifié à l'écoute sur le port : 8080","timestamp":"2026-06-26 16:10:03"}
{"level":"info","message":"Swagger UI disponible sur http:// 192.168.17.151:8080/api-docs","timestamp":"2026-06-26 16:10:03"}
{"level":"info","message":"[development] Serveur unifié à l'écoute sur le port : 8080","timestamp":"2026-06-26 16:11:07"}
{"level":"info","message":"Swagger UI disponible sur http:// 192.168.17.151:8080/api-docs","timestamp":"2026-06-26 16:11:07"}
{"level":"info","message":"[development] Serveur unifié à l'écoute sur le port : 8080","timestamp":"2026-06-26 16:12:06"}
{"level":"info","message":"Swagger UI disponible sur http:// 192.168.17.151:8080/api-docs","timestamp":"2026-06-26 16:12:06"}
{"level":"info","message":"[development] Serveur unifié à l'écoute sur le port : 8080","timestamp":"2026-06-26 16:13:56"}
{"level":"info","message":"Swagger UI disponible sur http:// 192.168.17.151:8080/api-docs","timestamp":"2026-06-26 16:13:56"}
{"level":"info","message":"[development] Serveur unifié à l'écoute sur le port : 8080","timestamp":"2026-06-26 16:15:25"}
{"level":"info","message":"Swagger UI disponible sur http:// 192.168.17.151:8080/api-docs","timestamp":"2026-06-26 16:15:25"}
{"level":"info","message":"[development] Serveur unifié à l'écoute sur le port : 8080","timestamp":"2026-06-26 16:18:02"}
{"level":"info","message":"Swagger UI disponible sur http:// 192.168.17.151:8080/api-docs","timestamp":"2026-06-26 16:18:02"}
{"level":"info","message":"[development] Serveur unifié à l'écoute sur le port : 8080","timestamp":"2026-06-26 16:26:52"}
{"level":"info","message":"Swagger UI disponible sur http:// 192.168.17.151:8080/api-docs","timestamp":"2026-06-26 16:26:52"}
{"level":"info","message":"[development] Serveur unifié à l'écoute sur le port : 8080","timestamp":"2026-06-26 16:56:48"}
{"level":"info","message":"Swagger UI disponible sur http:// 192.168.17.151:8080/api-docs","timestamp":"2026-06-26 16:56:48"}
{"level":"info","message":"[development] Serveur unifié à l'écoute sur le port : 8080","timestamp":"2026-06-26 16:57:02"}
{"level":"info","message":"Swagger UI disponible sur http:// 192.168.17.151:8080/api-docs","timestamp":"2026-06-26 16:57:02"}
{"level":"info","message":"[development] Serveur unifié à l'écoute sur le port : 8080","timestamp":"2026-06-26 17:06:45"}
{"level":"info","message":"Swagger UI disponible sur http:// 192.168.17.151:8080/api-docs","timestamp":"2026-06-26 17:06:45"}
{"level":"info","message":"[development] Serveur unifié à l'écoute sur le port : 8080","timestamp":"2026-06-26 17:08:06"}
{"level":"info","message":"Swagger UI disponible sur http:// 192.168.17.151:8080/api-docs","timestamp":"2026-06-26 17:08:07"}
{"level":"info","message":"[development] Serveur unifié à l'écoute sur le port : 8080","timestamp":"2026-06-26 17:08:47"}
{"level":"info","message":"Swagger UI disponible sur http:// 192.168.17.151:8080/api-docs","timestamp":"2026-06-26 17:08:47"}
{"level":"info","message":"[development] Serveur unifié à l'écoute sur le port : 8080","timestamp":"2026-06-26 17:10:17"}
{"level":"info","message":"Swagger UI disponible sur http:// 192.168.17.151:8080/api-docs","timestamp":"2026-06-26 17:10:17"}
{"level":"info","message":"[development] Serveur unifié à l'écoute sur le port : 8080","timestamp":"2026-06-26 17:11:24"}
{"level":"info","message":"Swagger UI disponible sur http:// 192.168.17.151:8080/api-docs","timestamp":"2026-06-26 17:11:24"}
{"level":"info","message":"[development] Serveur unifié à l'écoute sur le port : 8080","timestamp":"2026-06-26 17:11:39"}
{"level":"info","message":"Swagger UI disponible sur http:// 192.168.17.151:8080/api-docs","timestamp":"2026-06-26 17:11:39"}
{"level":"info","message":"[development] Serveur unifié à l'écoute sur le port : 8080","timestamp":"2026-06-26 17:15:38"}
{"level":"info","message":"Swagger UI disponible sur http:// 192.168.17.151:8080/api-docs","timestamp":"2026-06-26 17:15:38"}
{"level":"info","message":"Client connecté. Socket ID: mcd33AIcWRWR0rXUAAAB","timestamp":"2026-06-26 17:18:17"}
{"level":"info","message":"Client connecté. Socket ID: JtSXSE5d9sNusqGRAAAD","timestamp":"2026-06-26 17:18:27"}
{"level":"info","message":"[development] Serveur unifié à l'écoute sur le port : 8080","timestamp":"2026-07-01 01:55:35"}
{"level":"info","message":"Swagger UI disponible sur http:// 192.168.17.151:8080/api-docs","timestamp":"2026-07-01 01:55:35"}
{"level":"info","message":"Client connecté. Socket ID: BcOobpJkf_SWrcPlAAAB","timestamp":"2026-07-01 01:56:47"}
{"level":"info","message":"Client connecté. Socket ID: wqGZH9ai33bwLhxxAAAD","timestamp":"2026-07-01 01:57:51"}
{"level":"info","message":"Client connecté. Socket ID: K_-iCh4Z7ca1-RZJAAAF","timestamp":"2026-07-01 01:58:17"}
{"level":"info","message":"Client connecté. Socket ID: MuWD0_ZAMo1epQJ2AAAH","timestamp":"2026-07-01 02:00:07"}
{"level":"info","message":"Client connecté. Socket ID: yCcZ0Hahr1kCZNyZAAAJ","timestamp":"2026-07-01 02:01:16"}
{"level":"info","message":"Client connecté. Socket ID: NBl5dF0Xwtx7iyHoAAAL","timestamp":"2026-07-01 02:01:52"}
{"level":"info","message":"Client connecté. Socket ID: dxnaVwYYvJipuAMNAAAN","timestamp":"2026-07-01 02:03:13"}
{"level":"info","message":"Client connecté. Socket ID: 8uz84X_srbgJohGcAAAP","timestamp":"2026-07-01 02:06:03"}
{"level":"info","message":"Client connecté. Socket ID: d1qFZA67ubytIO6nAAAR","timestamp":"2026-07-01 02:06:54"}
{"level":"info","message":"Client connecté. Socket ID: wS1CnrfdLOPkk-0nAAAT","timestamp":"2026-07-01 02:10:53"}
{"level":"info","message":"Client connecté. Socket ID: 00XXmQ0kPKA8LscLAAAV","timestamp":"2026-07-01 02:11:18"}
{"level":"info","message":"Client connecté. Socket ID: 5uhbmTHKnV5rOGz1AAAX","timestamp":"2026-07-01 02:55:38"}
{"level":"info","message":"Client connecté. Socket ID: K1OGsuwBQfS8xgdeAAAZ","timestamp":"2026-07-01 03:03:28"}
{"level":"info","message":"Client connecté. Socket ID: vLy4WSfsdqmygP8PAAAb","timestamp":"2026-07-01 03:04:05"}
{"level":"info","message":"[development] Serveur unifié à l'écoute sur le port : 8080","timestamp":"2026-07-01 04:12:07"}
{"level":"info","message":"Swagger UI disponible sur http:// 192.168.17.151:8080/api-docs","timestamp":"2026-07-01 04:12:07"}
{"level":"info","message":"Client connecté. Socket ID: w71PsVQMkiakVxwJAAAB","timestamp":"2026-07-01 04:12:14"}
{"level":"info","message":"[development] Serveur unifié à l'écoute sur le port : 8080","timestamp":"2026-07-02 14:41:59"}
{"level":"info","message":"Swagger UI disponible sur http:// 192.168.17.151:8080/api-docs","timestamp":"2026-07-02 14:41:59"}
{"level":"info","message":"Client connecté. Socket ID: D9Z3-PLH8MTGpOGCAAAB","timestamp":"2026-07-02 16:09:57"}
{"level":"info","message":"[development] Serveur unifié à l'écoute sur le port : 8080","timestamp":"2026-07-02 16:55:49"}
{"level":"info","message":"Swagger UI disponible sur http:// 192.168.17.151:8080/api-docs","timestamp":"2026-07-02 16:55:49"}
{"level":"info","message":"Client connecté. Socket ID: Dj7XFWkcJakr8CutAAAB","timestamp":"2026-07-02 17:12:53"}
{"level":"info","message":"Client connecté. Socket ID: uG-TIKCN-0TuekggAAAD","timestamp":"2026-07-02 17:15:55"}
{"level":"info","message":"Client connecté. Socket ID: ObldjtS9vuBAQoKJAAAF","timestamp":"2026-07-02 17:16:48"}
{"level":"info","message":"Client connecté. Socket ID: q3IFUXcWoDBjT597AAAH","timestamp":"2026-07-02 17:22:21"}
{"level":"info","message":"[development] Serveur unifié à l'écoute sur le port : 8080","timestamp":"2026-07-03 08:06:32"}
{"level":"info","message":"Swagger UI disponible sur http:// 192.168.17.151:8080/api-docs","timestamp":"2026-07-03 08:06:32"}
{"level":"info","message":"[development] Serveur unifié à l'écoute sur le port : 8080","timestamp":"2026-07-03 08:34:23"}
{"level":"info","message":"Swagger UI disponible sur http:// 192.168.17.151:8080/api-docs","timestamp":"2026-07-03 08:34:23"}
{"level":"info","message":"[development] Serveur unifié à l'écoute sur le port : 8080","timestamp":"2026-07-03 08:38:26"}
{"level":"info","message":"Swagger UI disponible sur http:// 192.168.17.151:8080/api-docs","timestamp":"2026-07-03 08:38:26"}
{"level":"info","message":"[development] Serveur unifié à l'écoute sur le port : 8080","timestamp":"2026-07-03 08:38:39"}
{"level":"info","message":"Swagger UI disponible sur http:// 192.168.17.151:8080/api-docs","timestamp":"2026-07-03 08:38:39"}
{"level":"info","message":"[development] Serveur unifié à l'écoute sur le port : 8080","timestamp":"2026-07-03 08:39:53"}
{"level":"info","message":"Swagger UI disponible sur http:// 192.168.17.151:8080/api-docs","timestamp":"2026-07-03 08:39:53"}
{"level":"info","message":"[development] Serveur unifié à l'écoute sur le port : 8080","timestamp":"2026-07-03 08:40:21"}
{"level":"info","message":"Swagger UI disponible sur http:// 192.168.17.151:8080/api-docs","timestamp":"2026-07-03 08:40:21"}
{"level":"info","message":"[development] Serveur unifié à l'écoute sur le port : 8080","timestamp":"2026-07-03 08:41:12"}
{"level":"info","message":"Swagger UI disponible sur http:// 192.168.17.151:8080/api-docs","timestamp":"2026-07-03 08:41:12"}
{"level":"info","message":"[development] Serveur unifié à l'écoute sur le port : 8080","timestamp":"2026-07-03 08:41:31"}
{"level":"info","message":"Swagger UI disponible sur http:// 192.168.17.151:8080/api-docs","timestamp":"2026-07-03 08:41:31"}
{"level":"info","message":"[development] Serveur unifié à l'écoute sur le port : 8080","timestamp":"2026-07-03 08:43:13"}
{"level":"info","message":"Swagger UI disponible sur http:// 192.168.17.151:8080/api-docs","timestamp":"2026-07-03 08:43:13"}
{"level":"info","message":"[development] Serveur unifié à l'écoute sur le port : 8080","timestamp":"2026-07-03 08:45:10"}
{"level":"info","message":"Swagger UI disponible sur http:// 192.168.17.151:8080/api-docs","timestamp":"2026-07-03 08:45:10"}
{"level":"info","message":"Client connecté. Socket ID: HFHSOqWhI3-e1PRUAAAB","timestamp":"2026-07-03 09:06:57"}
{"level":"info","message":"Client connecté. Socket ID: 3fwWJetDJRcqwhEMAAAD","timestamp":"2026-07-03 09:11:06"}
{"level":"info","message":"Client connecté. Socket ID: RkFsEvn2RiM4uyY9AAAF","timestamp":"2026-07-03 09:12:37"}
{"level":"info","message":"[development] Serveur unifié à l'écoute sur le port : 8080","timestamp":"2026-07-03 09:27:40"}
{"level":"info","message":"Swagger UI disponible sur http:// 192.168.17.151:8080/api-docs","timestamp":"2026-07-03 09:27:40"}
{"level":"info","message":"Client connecté. Socket ID: X2TZ9vT5SljEf1aNAAAB","timestamp":"2026-07-03 09:27:43"}
{"level":"info","message":"Client connecté. Socket ID: qyqSz3vo06O9AMcfAAAD","timestamp":"2026-07-03 09:29:23"}
{"level":"info","message":"[development] Serveur unifié à l'écoute sur le port : 8080","timestamp":"2026-07-03 09:35:15"}
{"level":"info","message":"Swagger UI disponible sur http:// 192.168.17.151:8080/api-docs","timestamp":"2026-07-03 09:35:15"}
{"level":"info","message":"Client connecté. Socket ID: oAv9S_PTE1azsPf5AAAB","timestamp":"2026-07-03 09:35:17"}
{"level":"info","message":"Client connecté. Socket ID: GskbmAXnoXbr5ok5AAAD","timestamp":"2026-07-03 09:36:08"}
{"level":"info","message":"[development] Serveur unifié à l'écoute sur le port : 8080","timestamp":"2026-07-03 09:37:37"}
{"level":"info","message":"Swagger UI disponible sur http:// 192.168.17.151:8080/api-docs","timestamp":"2026-07-03 09:37:37"}
{"level":"info","message":"Client connecté. Socket ID: SxulNyy9rJAAssqAAAAB","timestamp":"2026-07-03 09:37:38"}
{"level":"info","message":"Client connecté. Socket ID: s35qhO2ms1aZSm4bAAAD","timestamp":"2026-07-03 09:38:20"}
{"level":"info","message":"[development] Serveur unifié à l'écoute sur le port : 8080","timestamp":"2026-07-03 09:40:38"}
{"level":"info","message":"Swagger UI disponible sur http:// 192.168.17.151:8080/api-docs","timestamp":"2026-07-03 09:40:38"}
{"level":"info","message":"Client connecté. Socket ID: q1D4bEpsUPvP4MjvAAAB","timestamp":"2026-07-03 09:41:22"}
{"level":"info","message":"[development] Serveur unifié à l'écoute sur le port : 8080","timestamp":"2026-07-03 09:44:28"}
{"level":"info","message":"Swagger UI disponible sur http:// 192.168.17.151:8080/api-docs","timestamp":"2026-07-03 09:44:28"}
{"level":"info","message":"Client connecté. Socket ID: h5wWhGryD4o4O8I6AAAB","timestamp":"2026-07-03 09:44:29"}
{"level":"info","message":"[development] Serveur unifié à l'écoute sur le port : 8080","timestamp":"2026-07-03 09:51:36"}
{"level":"info","message":"Swagger UI disponible sur http:// 192.168.17.151:8080/api-docs","timestamp":"2026-07-03 09:51:36"}
{"level":"info","message":"Client connecté. Socket ID: RKrrTvB3QPiB-vjAAAAB","timestamp":"2026-07-03 09:51:40"}
{"level":"info","message":"[development] Serveur unifié à l'écoute sur le port : 8080","timestamp":"2026-07-03 09:52:56"}
{"level":"info","message":"Swagger UI disponible sur http:// 192.168.17.151:8080/api-docs","timestamp":"2026-07-03 09:52:56"}
{"level":"info","message":"Client connecté. Socket ID: 4PFEqZ7Eeo2h9-6kAAAB","timestamp":"2026-07-03 09:53:01"}
{"level":"info","message":"[development] Serveur unifié à l'écoute sur le port : 8080","timestamp":"2026-07-03 09:53:24"}
{"level":"info","message":"Swagger UI disponible sur http:// 192.168.17.151:8080/api-docs","timestamp":"2026-07-03 09:53:24"}
{"level":"info","message":"Client connecté. Socket ID: _REJOxhIo2QzRed7AAAB","timestamp":"2026-07-03 09:53:28"}
{"level":"info","message":"[development] Serveur unifié à l'écoute sur le port : 8080","timestamp":"2026-07-03 09:59:33"}
{"level":"info","message":"Swagger UI disponible sur http:// 192.168.17.151:8080/api-docs","timestamp":"2026-07-03 09:59:33"}
{"level":"info","message":"Client connecté. Socket ID: xdED8S3pTkK3jupxAAAB","timestamp":"2026-07-03 10:00:06"}
{"level":"info","message":"[development] Serveur unifié à l'écoute sur le port : 8080","timestamp":"2026-07-03 10:02:39"}
{"level":"info","message":"Swagger UI disponible sur http:// 192.168.17.151:8080/api-docs","timestamp":"2026-07-03 10:02:39"}
{"level":"info","message":"Client connecté. Socket ID: m8trUrke0MCiM5boAAAB","timestamp":"2026-07-03 10:02:45"}
{"level":"info","message":"Utilisateur 7 authentifié sur le socket.","timestamp":"2026-07-03 10:06:03"}
{"level":"info","message":"Socket m8trUrke0MCiM5boAAAB (User #7) a rejoint la room pays : country_BENIN","timestamp":"2026-07-03 10:06:04"}
{"level":"info","message":"Utilisateur 7 déconnecté du socket.","timestamp":"2026-07-03 10:06:31"}
{"level":"info","message":"Client connecté. Socket ID: 4NWhUM3sM_Yiw-FyAAAD","timestamp":"2026-07-03 10:07:05"}
{"level":"info","message":"Utilisateur 7 authentifié sur le socket.","timestamp":"2026-07-03 10:07:06"}
{"level":"info","message":"Socket 4NWhUM3sM_Yiw-FyAAAD (User #7) a rejoint la room pays : country_BENIN","timestamp":"2026-07-03 10:07:06"}
{"level":"info","message":"[development] Serveur unifié à l'écoute sur le port : 8080","timestamp":"2026-07-03 10:26:25"}
{"level":"info","message":"Swagger UI disponible sur http:// 192.168.17.151:8080/api-docs","timestamp":"2026-07-03 10:26:25"}
{"level":"info","message":"Client connecté. Socket ID: 4Kwkik4jTS32TJ04AAAB","timestamp":"2026-07-03 10:26:31"}
{"level":"info","message":"[development] Serveur unifié à l'écoute sur le port : 8080","timestamp":"2026-07-03 10:26:46"}
{"level":"info","message":"Swagger UI disponible sur http:// 192.168.17.151:8080/api-docs","timestamp":"2026-07-03 10:26:46"}
{"level":"info","message":"Client connecté. Socket ID: OUj2vkTKeFgEJJbeAAAB","timestamp":"2026-07-03 10:26:47"}
{"level":"info","message":"Client connecté. Socket ID: jYmR112LAPa6FhNmAAAD","timestamp":"2026-07-03 10:31:15"}
{"level":"info","message":"Utilisateur 7 authentifié sur le socket.","timestamp":"2026-07-03 10:31:15"}
{"level":"info","message":"Socket jYmR112LAPa6FhNmAAAD (User #7) a rejoint la room pays : country_BENIN","timestamp":"2026-07-03 10:31:16"}
{"level":"info","message":"Utilisateur 7 déconnecté du socket.","timestamp":"2026-07-03 10:32:56"}
{"level":"info","message":"Client connecté. Socket ID: SbyXkSdei3CVFGF9AAAF","timestamp":"2026-07-03 10:33:42"}
{"level":"info","message":"[development] Serveur unifié à l'écoute sur le port : 8080","timestamp":"2026-07-03 11:04:35"}
{"level":"info","message":"Swagger UI disponible sur http:// 192.168.17.151:8080/api-docs","timestamp":"2026-07-03 11:04:35"}
{"level":"info","message":"[development] Serveur unifié à l'écoute sur le port : 8080","timestamp":"2026-07-03 11:05:10"}
{"level":"info","message":"Swagger UI disponible sur http:// 192.168.17.151:8080/api-docs","timestamp":"2026-07-03 11:05:10"}
{"level":"info","message":"[development] Serveur unifié à l'écoute sur le port : 8080","timestamp":"2026-07-03 11:06:59"}
{"level":"info","message":"Swagger UI disponible sur http:// 192.168.17.151:8080/api-docs","timestamp":"2026-07-03 11:06:59"}
{"level":"info","message":"[development] Serveur unifié à l'écoute sur le port : 8080","timestamp":"2026-07-03 11:22:21"}
{"level":"info","message":"Swagger UI disponible sur http:// 192.168.17.151:8080/api-docs","timestamp":"2026-07-03 11:22:21"}
{"level":"info","message":"[development] Serveur unifié à l'écoute sur le port : 8080","timestamp":"2026-07-03 11:23:22"}
{"level":"info","message":"Swagger UI disponible sur http:// 192.168.17.151:8080/api-docs","timestamp":"2026-07-03 11:23:22"}
{"level":"info","message":"[development] Serveur unifié à l'écoute sur le port : 8080","timestamp":"2026-07-03 11:27:00"}
{"level":"info","message":"Swagger UI disponible sur http:// 192.168.17.151:8080/api-docs","timestamp":"2026-07-03 11:27:00"}
{"level":"info","message":"[development] Serveur unifié à l'écoute sur le port : 8080","timestamp":"2026-07-03 11:27:15"}
{"level":"info","message":"Swagger UI disponible sur http:// 192.168.17.151:8080/api-docs","timestamp":"2026-07-03 11:27:15"}
{"level":"info","message":"[development] Serveur unifié à l'écoute sur le port : 8080","timestamp":"2026-07-03 11:27:40"}
{"level":"info","message":"Swagger UI disponible sur http:// 192.168.17.151:8080/api-docs","timestamp":"2026-07-03 11:27:40"}
{"level":"info","message":"Client connecté. Socket ID: KNdMF7OZx-1mPG9OAAAB","timestamp":"2026-07-03 11:40:05"}
{"level":"info","message":"Utilisateur 7 authentifié sur le socket.","timestamp":"2026-07-03 11:40:05"}
{"level":"info","message":"Socket KNdMF7OZx-1mPG9OAAAB (User #7) a rejoint la room pays : country_BENIN","timestamp":"2026-07-03 11:40:05"}
{"level":"info","message":"Utilisateur 7 déconnecté du socket.","timestamp":"2026-07-03 11:41:24"}
{"level":"info","message":"Client connecté. Socket ID: NaIMiv8pXKVuxrTqAAAD","timestamp":"2026-07-03 11:45:52"}
{"level":"info","message":"Utilisateur 7 authentifié sur le socket.","timestamp":"2026-07-03 11:45:52"}
{"level":"info","message":"Socket NaIMiv8pXKVuxrTqAAAD (User #7) a rejoint la room pays : country_BENIN","timestamp":"2026-07-03 11:45:53"}
{"level":"info","message":"Utilisateur 7 déconnecté du socket.","timestamp":"2026-07-03 11:46:11"}
{"level":"info","message":"Client connecté. Socket ID: GeglkDxdSQ9pBxSTAAAF","timestamp":"2026-07-03 11:46:27"}
{"level":"info","message":"Client connecté. Socket ID: _dws_8eMxBzzWCNYAAAH","timestamp":"2026-07-03 11:47:02"}
{"level":"info","message":"Utilisateur 7 authentifié sur le socket.","timestamp":"2026-07-03 11:47:02"}
{"level":"info","message":"Socket _dws_8eMxBzzWCNYAAAH (User #7) a rejoint la room pays : country_BENIN","timestamp":"2026-07-03 11:47:02"}
{"level":"info","message":"[development] Serveur unifié à l'écoute sur le port : 8080","timestamp":"2026-07-03 11:52:36"}
{"level":"info","message":"Swagger UI disponible sur http:// 192.168.17.151:8080/api-docs","timestamp":"2026-07-03 11:52:36"}
{"level":"info","message":"[development] Serveur unifié à l'écoute sur le port : 8080","timestamp":"2026-07-03 11:54:40"}
{"level":"info","message":"Swagger UI disponible sur http:// 192.168.17.151:8080/api-docs","timestamp":"2026-07-03 11:54:40"}
{"level":"info","message":"[development] Serveur unifié à l'écoute sur le port : 8080","timestamp":"2026-07-03 11:55:03"}
{"level":"info","message":"Swagger UI disponible sur http:// 192.168.17.151:8080/api-docs","timestamp":"2026-07-03 11:55:03"}
{"level":"info","message":"[development] Serveur unifié à l'écoute sur le port : 8080","timestamp":"2026-07-03 11:56:12"}
{"level":"info","message":"Swagger UI disponible sur http:// 192.168.17.151:8080/api-docs","timestamp":"2026-07-03 11:56:12"}
{"level":"info","message":"[development] Serveur unifié à l'écoute sur le port : 8080","timestamp":"2026-07-03 11:57:55"}
{"level":"info","message":"Swagger UI disponible sur http:// 192.168.17.151:8080/api-docs","timestamp":"2026-07-03 11:57:55"}
{"level":"info","message":"[development] Serveur unifié à l'écoute sur le port : 8080","timestamp":"2026-07-03 11:59:00"}
{"level":"info","message":"Swagger UI disponible sur http:// 192.168.17.151:8080/api-docs","timestamp":"2026-07-03 11:59:00"}
{"level":"info","message":"[development] Serveur unifié à l'écoute sur le port : 8080","timestamp":"2026-07-03 11:59:20"}
{"level":"info","message":"Swagger UI disponible sur http:// 192.168.17.151:8080/api-docs","timestamp":"2026-07-03 11:59:20"}
{"level":"info","message":"[development] Serveur unifié à l'écoute sur le port : 8080","timestamp":"2026-07-03 12:00:26"}
{"level":"info","message":"Swagger UI disponible sur http:// 192.168.17.151:8080/api-docs","timestamp":"2026-07-03 12:00:26"}
{"level":"info","message":"[development] Serveur unifié à l'écoute sur le port : 8080","timestamp":"2026-07-03 12:11:38"}
{"level":"info","message":"Swagger UI disponible sur http:// 192.168.17.151:8080/api-docs","timestamp":"2026-07-03 12:11:38"}
{"level":"info","message":"[development] Serveur unifié à l'écoute sur le port : 8080","timestamp":"2026-07-03 12:14:06"}
{"level":"info","message":"Swagger UI disponible sur http:// 192.168.17.151:8080/api-docs","timestamp":"2026-07-03 12:14:06"}
{"level":"info","message":"[development] Serveur unifié à l'écoute sur le port : 8080","timestamp":"2026-07-03 12:15:10"}
{"level":"info","message":"Swagger UI disponible sur http:// 192.168.17.151:8080/api-docs","timestamp":"2026-07-03 12:15:10"}
{"level":"info","message":"[development] Serveur unifié à l'écoute sur le port : 8080","timestamp":"2026-07-03 12:15:31"}
{"level":"info","message":"Swagger UI disponible sur http:// 192.168.17.151:8080/api-docs","timestamp":"2026-07-03 12:15:31"}
{"level":"info","message":"[development] Serveur unifié à l'écoute sur le port : 8080","timestamp":"2026-07-03 12:15:47"}
{"level":"info","message":"Swagger UI disponible sur http:// 192.168.17.151:8080/api-docs","timestamp":"2026-07-03 12:15:47"}
{"level":"info","message":"[development] Serveur unifié à l'écoute sur le port : 8080","timestamp":"2026-07-03 12:25:04"}
{"level":"info","message":"Swagger UI disponible sur http:// 192.168.17.151:8080/api-docs","timestamp":"2026-07-03 12:25:04"}
{"level":"info","message":"[development] Serveur unifié à l'écoute sur le port : 8080","timestamp":"2026-07-03 12:27:44"}
{"level":"info","message":"Swagger UI disponible sur http:// 192.168.17.151:8080/api-docs","timestamp":"2026-07-03 12:27:44"}
{"level":"info","message":"Client connecté. Socket ID: yxuPtDdj85u8racgAAAB","timestamp":"2026-07-03 12:36:17"}
{"level":"info","message":"Client connecté. Socket ID: 0UXMLNQqh2Kwz9N7AAAD","timestamp":"2026-07-03 12:37:46"}
{"level":"info","message":"Client connecté. Socket ID: 2i5c6d7YG1mRRVsWAAAF","timestamp":"2026-07-03 12:38:45"}
{"level":"info","message":"Utilisateur 7 authentifié sur le socket.","timestamp":"2026-07-03 12:38:45"}
{"level":"info","message":"Socket 2i5c6d7YG1mRRVsWAAAF (User #7) a rejoint la room pays : country_BENIN","timestamp":"2026-07-03 12:38:46"}
{"level":"info","message":"[development] Serveur unifié à l'écoute sur le port : 8080","timestamp":"2026-07-03 12:39:50"}
{"level":"info","message":"Swagger UI disponible sur http:// 192.168.17.151:8080/api-docs","timestamp":"2026-07-03 12:39:50"}
{"level":"info","message":"Client connecté. Socket ID: 3Omqy0dcUlKjnPouAAAB","timestamp":"2026-07-03 12:39:51"}
{"level":"info","message":"[development] Serveur unifié à l'écoute sur le port : 8080","timestamp":"2026-07-03 12:46:22"}
{"level":"info","message":"Swagger UI disponible sur http:// 192.168.17.151:8080/api-docs","timestamp":"2026-07-03 12:46:22"}
{"level":"info","message":"Client connecté. Socket ID: lNuwMn9JHNcPLOrDAAAB","timestamp":"2026-07-03 12:57:53"}
{"level":"info","message":"Utilisateur 7 authentifié sur le socket.","timestamp":"2026-07-03 12:57:53"}
{"level":"info","message":"Socket lNuwMn9JHNcPLOrDAAAB (User #7) a rejoint la room pays : country_BENIN","timestamp":"2026-07-03 12:57:53"}
{"level":"info","message":"Utilisateur 7 déconnecté du socket.","timestamp":"2026-07-03 12:58:04"}
{"level":"info","message":"Client connecté. Socket ID: oUg9HgQDeJdHI2w8AAAD","timestamp":"2026-07-03 13:01:33"}
{"level":"info","message":"Utilisateur 7 authentifié sur le socket.","timestamp":"2026-07-03 13:01:33"}
{"level":"info","message":"Socket oUg9HgQDeJdHI2w8AAAD (User #7) a rejoint la room pays : country_BENIN","timestamp":"2026-07-03 13:01:33"}
{"level":"info","message":"[development] Serveur unifié à l'écoute sur le port : 8080","timestamp":"2026-07-03 13:03:29"}
{"level":"info","message":"Swagger UI disponible sur http:// 192.168.17.151:8080/api-docs","timestamp":"2026-07-03 13:03:29"}
{"level":"info","message":"Client connecté. Socket ID: vkC3rZ_I31L61aKSAAAB","timestamp":"2026-07-03 13:04:11"}
{"level":"info","message":"Utilisateur 7 authentifié sur le socket.","timestamp":"2026-07-03 13:04:12"}
{"level":"info","message":"Socket vkC3rZ_I31L61aKSAAAB (User #7) a rejoint la room pays : country_BENIN","timestamp":"2026-07-03 13:04:12"}
{"level":"info","message":"[development] Serveur unifié à l'écoute sur le port : 8080","timestamp":"2026-07-03 13:05:19"}
{"level":"info","message":"Swagger UI disponible sur http:// 192.168.17.151:8080/api-docs","timestamp":"2026-07-03 13:05:19"}
{"level":"info","message":"Client connecté. Socket ID: z-UQ44DD0b3ueh0qAAAB","timestamp":"2026-07-03 13:05:25"}
{"level":"info","message":"Client connecté. Socket ID: huoynbNYAlpzOaLkAAAD","timestamp":"2026-07-03 13:06:11"}
{"level":"info","message":"Utilisateur 7 authentifié sur le socket.","timestamp":"2026-07-03 13:06:12"}
{"level":"info","message":"Socket huoynbNYAlpzOaLkAAAD (User #7) a rejoint la room pays : country_BENIN","timestamp":"2026-07-03 13:06:12"}
{"level":"info","message":"Utilisateur 7 déconnecté du socket.","timestamp":"2026-07-03 13:09:54"}
{"level":"info","message":"Client connecté. Socket ID: pi-AENeu1OTkFZmNAAAF","timestamp":"2026-07-03 13:10:17"}
{"level":"info","message":"Utilisateur 7 authentifié sur le socket.","timestamp":"2026-07-03 13:10:17"}
{"level":"info","message":"Socket pi-AENeu1OTkFZmNAAAF (User #7) a rejoint la room pays : country_BENIN","timestamp":"2026-07-03 13:10:18"}
{"level":"info","message":"Utilisateur 7 déconnecté du socket.","timestamp":"2026-07-03 13:11:56"}
{"level":"info","message":"Client connecté. Socket ID: kruVnclqhPt-YPjCAAAH","timestamp":"2026-07-03 13:12:25"}
{"level":"info","message":"Utilisateur 6 authentifié sur le socket.","timestamp":"2026-07-03 13:12:25"}
{"level":"info","message":"Socket kruVnclqhPt-YPjCAAAH (User #6) a rejoint la room pays : country_BENIN","timestamp":"2026-07-03 13:12:28"}
{"level":"info","message":"[development] Serveur unifié à l'écoute sur le port : 8080","timestamp":"2026-07-03 13:22:36"}
{"level":"info","message":"Swagger UI disponible sur http:// 192.168.17.151:8080/api-docs","timestamp":"2026-07-03 13:22:36"}
{"level":"info","message":"Client connecté. Socket ID: IqtxmjYlV_XciwzEAAAB","timestamp":"2026-07-03 13:22:37"}
{"level":"info","message":"[development] Serveur unifié à l'écoute sur le port : 8080","timestamp":"2026-07-03 13:24:04"}
{"level":"info","message":"Swagger UI disponible sur http:// 192.168.17.151:8080/api-docs","timestamp":"2026-07-03 13:24:04"}
{"level":"info","message":"Client connecté. Socket ID: X3whG-XJHdfDU7AWAAAB","timestamp":"2026-07-03 13:24:07"}
{"level":"info","message":"Client connecté. Socket ID: bZhcW0hkjsNoxzmJAAAD","timestamp":"2026-07-03 13:24:55"}
{"level":"info","message":"Utilisateur 6 authentifié sur le socket.","timestamp":"2026-07-03 13:24:55"}
{"level":"info","message":"Socket bZhcW0hkjsNoxzmJAAAD (User #6) a rejoint la room pays : country_BENIN","timestamp":"2026-07-03 13:24:56"}
{"level":"info","message":"Utilisateur 6 déconnecté du socket.","timestamp":"2026-07-03 13:25:02"}
{"level":"info","message":"Client connecté. Socket ID: Kzx-dQTicaFX_NjKAAAF","timestamp":"2026-07-03 13:25:29"}
{"level":"info","message":"Client connecté. Socket ID: q8TcitI0qUzY8iF2AAAH","timestamp":"2026-07-03 13:26:21"}
{"level":"info","message":"Utilisateur 6 authentifié sur le socket.","timestamp":"2026-07-03 13:26:21"}
{"level":"info","message":"Socket q8TcitI0qUzY8iF2AAAH (User #6) a rejoint la room pays : country_BENIN","timestamp":"2026-07-03 13:26:21"}
{"level":"info","message":"[development] Serveur unifié à l'écoute sur le port : 8080","timestamp":"2026-07-03 13:35:25"}
{"level":"info","message":"Swagger UI disponible sur http:// 192.168.17.151:8080/api-docs","timestamp":"2026-07-03 13:35:25"}
{"level":"info","message":"Client connecté. Socket ID: u5eXrns3dfjtaf6-AAAB","timestamp":"2026-07-03 13:35:27"}
{"level":"info","message":"Client connecté. Socket ID: 5kTWpiVWlut7XjDOAAAD","timestamp":"2026-07-03 13:36:14"}
{"level":"info","message":"Utilisateur 6 authentifié sur le socket.","timestamp":"2026-07-03 13:36:15"}
{"level":"info","message":"Socket 5kTWpiVWlut7XjDOAAAD (User #6) a rejoint la room pays : country_BENIN","timestamp":"2026-07-03 13:36:16"}
{"level":"info","message":"Utilisateur 6 déconnecté du socket.","timestamp":"2026-07-03 13:41:36"}
{"level":"info","message":"Client connecté. Socket ID: GDOPimd2gDKqEX50AAAF","timestamp":"2026-07-03 13:52:25"}
{"level":"info","message":"Client connecté. Socket ID: 0tMi0EZ7DIgtKLU6AAAH","timestamp":"2026-07-03 13:52:53"}
{"level":"info","message":"Utilisateur 16 authentifié sur le socket.","timestamp":"2026-07-03 13:52:53"}
{"level":"info","message":"Socket 0tMi0EZ7DIgtKLU6AAAH (User #16) a rejoint la room pays : country_BENIN","timestamp":"2026-07-03 13:52:54"}
{"level":"info","message":"Utilisateur 16 déconnecté du socket.","timestamp":"2026-07-03 13:55:43"}
{"level":"info","message":"Client connecté. Socket ID: gsBpPJ7Yccme1Q4CAAAJ","timestamp":"2026-07-03 13:55:50"}
{"level":"info","message":"[development] Serveur unifié à l'écoute sur le port : 8080","timestamp":"2026-07-03 14:00:19"}
{"level":"info","message":"Swagger UI disponible sur http:// 192.168.17.151:8080/api-docs","timestamp":"2026-07-03 14:00:19"}
{"level":"info","message":"Client connecté. Socket ID: yfkm4ATKJ7Y6TOq0AAAB","timestamp":"2026-07-03 14:01:58"}
{"level":"info","message":"[development] Serveur unifié à l'écoute sur le port : 8080","timestamp":"2026-07-03 14:11:01"}
{"level":"info","message":"Swagger UI disponible sur http:// 192.168.17.151:8080/api-docs","timestamp":"2026-07-03 14:11:01"}
{"level":"info","message":"Client connecté. Socket ID: OUTVh0apXkoKgjF2AAAB","timestamp":"2026-07-03 14:11:05"}
{"level":"info","message":"Client connecté. Socket ID: -iTvCnrvSndLzDz2AAAD","timestamp":"2026-07-03 14:15:20"}
{"level":"info","message":"Utilisateur 16 authentifié sur le socket.","timestamp":"2026-07-03 14:15:20"}
{"level":"info","message":"Socket -iTvCnrvSndLzDz2AAAD (User #16) a rejoint la room pays : country_BENIN","timestamp":"2026-07-03 14:15:21"}
{"level":"info","message":"[development] Serveur unifié à l'écoute sur le port : 8080","timestamp":"2026-07-03 14:15:59"}
{"level":"info","message":"Swagger UI disponible sur http:// 192.168.17.151:8080/api-docs","timestamp":"2026-07-03 14:15:59"}
{"level":"info","message":"Client connecté. Socket ID: EPJBth5I4gWRchGpAAAB","timestamp":"2026-07-03 14:15:59"}
{"level":"info","message":"[development] Serveur unifié à l'écoute sur le port : 8080","timestamp":"2026-07-03 14:16:42"}
{"level":"info","message":"Swagger UI disponible sur http:// 192.168.17.151:8080/api-docs","timestamp":"2026-07-03 14:16:42"}
{"level":"info","message":"Client connecté. Socket ID: 6gW_5Xcp5T82dU3ZAAAB","timestamp":"2026-07-03 14:17:09"}
{"level":"info","message":"Utilisateur 16 authentifié sur le socket.","timestamp":"2026-07-03 14:17:09"}
{"level":"info","message":"Socket 6gW_5Xcp5T82dU3ZAAAB (User #16) a rejoint la room pays : country_BENIN","timestamp":"2026-07-03 14:17:10"}
{"level":"info","message":"Utilisateur 16 déconnecté du socket.","timestamp":"2026-07-03 14:29:18"}
{"level":"info","message":"Client connecté. Socket ID: wSr2Nn9Hw4GmF1knAAAD","timestamp":"2026-07-03 14:29:40"}
{"level":"info","message":"Utilisateur 16 authentifié sur le socket.","timestamp":"2026-07-03 14:29:40"}
{"level":"info","message":"Socket wSr2Nn9Hw4GmF1knAAAD (User #16) a rejoint la room pays : country_BENIN","timestamp":"2026-07-03 14:29:48"}
{"level":"info","message":"Utilisateur 16 déconnecté du socket.","timestamp":"2026-07-03 14:34:04"}
{"level":"info","message":"Client connecté. Socket ID: Sfgc6CroX1P0Z9j2AAAF","timestamp":"2026-07-03 14:34:23"}
{"level":"info","message":"Utilisateur 16 authentifié sur le socket.","timestamp":"2026-07-03 14:34:24"}
{"level":"info","message":"Socket Sfgc6CroX1P0Z9j2AAAF (User #16) a rejoint la room pays : country_BENIN","timestamp":"2026-07-03 14:34:25"}
{"level":"info","message":"Utilisateur 16 déconnecté du socket.","timestamp":"2026-07-03 14:38:49"}
{"level":"info","message":"[development] Serveur unifié à l'écoute sur le port : 8080","timestamp":"2026-07-03 14:46:31"}
{"level":"info","message":"Swagger UI disponible sur http:// 192.168.17.151:8080/api-docs","timestamp":"2026-07-03 14:46:31"}
{"level":"info","message":"Client connecté. Socket ID: LyqfNU7YP4sYdQ7CAAAB","timestamp":"2026-07-03 14:46:42"}
{"level":"info","message":"Utilisateur 16 authentifié sur le socket.","timestamp":"2026-07-03 14:46:43"}
{"level":"info","message":"Socket LyqfNU7YP4sYdQ7CAAAB (User #16) a rejoint la room pays : country_BENIN","timestamp":"2026-07-03 14:46:43"}
{"level":"info","message":"Utilisateur 16 déconnecté du socket.","timestamp":"2026-07-03 14:52:52"}
{"level":"info","message":"Client connecté. Socket ID: CRPRurE2TYMQcMxxAAAD","timestamp":"2026-07-03 14:53:07"}
{"level":"info","message":"Utilisateur 6 authentifié sur le socket.","timestamp":"2026-07-03 14:53:07"}
{"level":"info","message":"Socket CRPRurE2TYMQcMxxAAAD (User #6) a rejoint la room pays : country_BENIN","timestamp":"2026-07-03 14:53:07"}
{"level":"info","message":"[development] Serveur unifié à l'écoute sur le port : 8080","timestamp":"2026-07-03 14:54:45"}
{"level":"info","message":"Swagger UI disponible sur http:// 192.168.17.151:8080/api-docs","timestamp":"2026-07-03 14:54:45"}
{"level":"info","message":"Client connecté. Socket ID: UuRSYlFa6xQD-jOmAAAB","timestamp":"2026-07-03 14:54:47"}
{"level":"info","message":"Client connecté. Socket ID: Bugzs9XwHs5-cB6DAAAD","timestamp":"2026-07-03 14:55:44"}
{"level":"info","message":"Utilisateur 6 authentifié sur le socket.","timestamp":"2026-07-03 14:55:44"}
{"level":"info","message":"Socket Bugzs9XwHs5-cB6DAAAD (User #6) a rejoint la room pays : country_BENIN","timestamp":"2026-07-03 14:55:45"}
{"level":"info","message":"[development] Serveur unifié à l'écoute sur le port : 8080","timestamp":"2026-07-03 14:56:25"}
{"level":"info","message":"Swagger UI disponible sur http:// 192.168.17.151:8080/api-docs","timestamp":"2026-07-03 14:56:25"}
{"level":"info","message":"Client connecté. Socket ID: 0JqfxVM_iL6S5BzDAAAB","timestamp":"2026-07-03 14:56:31"}
{"level":"info","message":"Client connecté. Socket ID: dahf5jbnKLhE2uSWAAAD","timestamp":"2026-07-03 15:06:37"}
{"level":"info","message":"Utilisateur 6 authentifié sur le socket.","timestamp":"2026-07-03 15:06:37"}
{"level":"info","message":"Socket dahf5jbnKLhE2uSWAAAD (User #6) a rejoint la room pays : country_BENIN","timestamp":"2026-07-03 15:06:37"}
{"level":"info","message":"[development] Serveur unifié à l'écoute sur le port : 8080","timestamp":"2026-07-03 15:08:11"}
{"level":"info","message":"Swagger UI disponible sur http:// 192.168.17.151:8080/api-docs","timestamp":"2026-07-03 15:08:11"}
{"level":"info","message":"Client connecté. Socket ID: 2YihetoF8funz62bAAAB","timestamp":"2026-07-03 15:08:16"}
{"level":"info","message":"Client connecté. Socket ID: AZfOaqjcr3S62MnuAAAD","timestamp":"2026-07-03 15:09:53"}
{"level":"info","message":"Utilisateur 6 authentifié sur le socket.","timestamp":"2026-07-03 15:09:53"}
{"level":"info","message":"Socket AZfOaqjcr3S62MnuAAAD (User #6) a rejoint la room pays : country_BENIN","timestamp":"2026-07-03 15:09:54"}
{"level":"info","message":"[development] Serveur unifié à l'écoute sur le port : 8080","timestamp":"2026-07-03 15:11:04"}
{"level":"info","message":"Swagger UI disponible sur http:// 192.168.17.151:8080/api-docs","timestamp":"2026-07-03 15:11:04"}
{"level":"info","message":"Client connecté. Socket ID: jgCyJMmhSs2TFk_NAAAB","timestamp":"2026-07-03 15:11:06"}
{"level":"info","message":"[development] Serveur unifié à l'écoute sur le port : 8080","timestamp":"2026-07-03 15:24:51"}
{"level":"info","message":"Swagger UI disponible sur http:// 192.168.17.151:8080/api-docs","timestamp":"2026-07-03 15:24:51"}
{"level":"info","message":"Client connecté. Socket ID: 8F3OZN6i95rRhg66AAAB","timestamp":"2026-07-03 15:24:58"}
{"level":"info","message":"Client connecté. Socket ID: 1XWeL4bVHFb524o3AAAD","timestamp":"2026-07-03 15:25:54"}
{"level":"info","message":"Client connecté. Socket ID: UtFdV4DYgvL3HGIEAAAF","timestamp":"2026-07-03 15:28:36"}
{"level":"info","message":"Utilisateur 6 authentifié sur le socket.","timestamp":"2026-07-03 15:28:36"}
{"level":"info","message":"Socket UtFdV4DYgvL3HGIEAAAF (User #6) a rejoint la room pays : country_BENIN","timestamp":"2026-07-03 15:28:38"}
{"level":"info","message":"Utilisateur 6 déconnecté du socket.","timestamp":"2026-07-03 15:38:56"}
{"level":"info","message":"Client connecté. Socket ID: cXfCHC5pTV-7YwiAAAAH","timestamp":"2026-07-03 15:38:57"}
{"level":"info","message":"Utilisateur 6 authentifié sur le socket.","timestamp":"2026-07-03 15:38:57"}
{"level":"info","message":"Socket cXfCHC5pTV-7YwiAAAAH (User #6) a rejoint la room pays : country_BENIN","timestamp":"2026-07-03 15:38:57"}
{"level":"info","message":"Utilisateur 6 déconnecté du socket.","timestamp":"2026-07-03 15:48:12"}
{"level":"info","message":"Client connecté. Socket ID: opMDRdhVNIu22Y2-AAAJ","timestamp":"2026-07-03 15:51:22"}
{"level":"info","message":"Client connecté. Socket ID: tjx4MBNdodryqzFsAAAL","timestamp":"2026-07-03 16:14:44"}
{"level":"info","message":"[development] Serveur unifié à l'écoute sur le port : 8080","timestamp":"2026-07-03 16:16:44"}
{"level":"info","message":"Swagger UI disponible sur http:// 192.168.17.151:8080/api-docs","timestamp":"2026-07-03 16:16:44"}
{"level":"info","message":"Client connecté. Socket ID: 4PLgMCdE7g3Dc66lAAAB","timestamp":"2026-07-03 16:40:09"}
{"level":"info","message":"Utilisateur 7 authentifié sur le socket.","timestamp":"2026-07-03 16:40:10"}
{"level":"info","message":"Socket 4PLgMCdE7g3Dc66lAAAB (User #7) a rejoint la room pays : country_BENIN","timestamp":"2026-07-03 16:40:11"}
{"level":"info","message":"Utilisateur 7 déconnecté du socket.","timestamp":"2026-07-03 16:45:31"}
{"level":"info","message":"Client connecté. Socket ID: jrn6TlA2_mS5ZFvIAAAD","timestamp":"2026-07-03 16:47:09"}
{"level":"info","message":"Utilisateur 7 authentifié sur le socket.","timestamp":"2026-07-03 16:47:09"}
{"level":"info","message":"Socket jrn6TlA2_mS5ZFvIAAAD (User #7) a rejoint la room pays : country_BENIN","timestamp":"2026-07-03 16:47:09"}
{"level":"info","message":"Utilisateur 7 déconnecté du socket.","timestamp":"2026-07-03 16:50:18"}
{"level":"info","message":"Client connecté. Socket ID: 9cmYmxxyI8bbz9X0AAAF","timestamp":"2026-07-03 16:50:44"}
{"level":"info","message":"Utilisateur 7 authentifié sur le socket.","timestamp":"2026-07-03 16:50:44"}
{"level":"info","message":"Socket 9cmYmxxyI8bbz9X0AAAF (User #7) a rejoint la room pays : country_BENIN","timestamp":"2026-07-03 16:50:44"}
{"level":"info","message":"Utilisateur 7 déconnecté du socket.","timestamp":"2026-07-03 17:16:38"}
